2026/04/19 15:53:24 [notice] 1#1: using the "epoll" event method
2026/04/19 15:53:24 [notice] 1#1: nginx/1.21.6
2026/04/19 15:53:24 [notice] 1#1: built by gcc 10.2.1 20210110 (Debian 10.2.1-6) 
2026/04/19 15:53:24 [notice] 1#1: OS: Linux 6.8.0-107-generic
2026/04/19 15:53:24 [notice] 1#1: getrlimit(RLIMIT_NOFILE): 1024:524288
2026/04/19 15:53:24 [notice] 1#1: start worker processes
2026/04/19 15:53:24 [notice] 1#1: start worker process 30
2026/04/19 15:53:24 [notice] 1#1: start worker process 31
2026/04/19 15:53:24 [notice] 1#1: start worker process 32
2026/04/19 15:53:24 [notice] 1#1: start worker process 33
2026/04/19 15:54:35 [notice] 1#1: signal 3 (SIGQUIT) received, shutting down
2026/04/19 15:54:35 [notice] 31#31: gracefully shutting down
2026/04/19 15:54:35 [notice] 31#31: exiting
2026/04/19 15:54:35 [notice] 31#31: exit
2026/04/19 15:54:35 [notice] 30#30: gracefully shutting down
2026/04/19 15:54:35 [notice] 30#30: exiting
2026/04/19 15:54:35 [notice] 30#30: exit
2026/04/19 15:54:35 [notice] 32#32: gracefully shutting down
2026/04/19 15:54:35 [notice] 32#32: exiting
2026/04/19 15:54:35 [notice] 32#32: exit
2026/04/19 15:54:35 [notice] 33#33: gracefully shutting down
2026/04/19 15:54:35 [notice] 33#33: exiting
2026/04/19 15:54:35 [notice] 33#33: exit
2026/04/19 15:54:35 [notice] 1#1: signal 17 (SIGCHLD) received from 33
2026/04/19 15:54:35 [notice] 1#1: worker process 30 exited with code 0
2026/04/19 15:54:35 [notice] 1#1: worker process 33 exited with code 0
2026/04/19 15:54:35 [notice] 1#1: signal 29 (SIGIO) received
2026/04/19 15:54:35 [notice] 1#1: signal 17 (SIGCHLD) received from 32
2026/04/19 15:54:35 [notice] 1#1: worker process 31 exited with code 0
2026/04/19 15:54:35 [notice] 1#1: worker process 32 exited with code 0
2026/04/19 15:54:35 [notice] 1#1: exit
2026/04/19 15:54:43 [notice] 1#1: using the "epoll" event method
2026/04/19 15:54:43 [notice] 1#1: nginx/1.21.6
2026/04/19 15:54:43 [notice] 1#1: built by gcc 10.2.1 20210110 (Debian 10.2.1-6) 
2026/04/19 15:54:43 [notice] 1#1: OS: Linux 6.8.0-107-generic
2026/04/19 15:54:43 [notice] 1#1: getrlimit(RLIMIT_NOFILE): 1024:524288
2026/04/19 15:54:43 [notice] 1#1: start worker processes
2026/04/19 15:54:43 [notice] 1#1: start worker process 30
2026/04/19 15:54:43 [notice] 1#1: start worker process 31
2026/04/19 15:54:43 [notice] 1#1: start worker process 32
2026/04/19 15:54:43 [notice] 1#1: start worker process 33
2026/04/19 15:58:07 [notice] 1#1: signal 3 (SIGQUIT) received, shutting down
2026/04/19 15:58:07 [notice] 32#32: gracefully shutting down
2026/04/19 15:58:07 [notice] 32#32: exiting
2026/04/19 15:58:07 [notice] 32#32: exit
2026/04/19 15:58:07 [notice] 31#31: gracefully shutting down
2026/04/19 15:58:07 [notice] 31#31: exiting
2026/04/19 15:58:07 [notice] 31#31: exit
2026/04/19 15:58:07 [notice] 30#30: gracefully shutting down
2026/04/19 15:58:07 [notice] 33#33: gracefully shutting down
2026/04/19 15:58:07 [notice] 30#30: exiting
2026/04/19 15:58:07 [notice] 33#33: exiting
2026/04/19 15:58:07 [notice] 30#30: exit
2026/04/19 15:58:07 [notice] 33#33: exit
2026/04/19 15:58:07 [notice] 1#1: signal 17 (SIGCHLD) received from 32
2026/04/19 15:58:07 [notice] 1#1: worker process 32 exited with code 0
2026/04/19 15:58:07 [notice] 1#1: signal 29 (SIGIO) received
2026/04/19 15:58:07 [notice] 1#1: signal 17 (SIGCHLD) received from 30
2026/04/19 15:58:07 [notice] 1#1: worker process 30 exited with code 0
2026/04/19 15:58:07 [notice] 1#1: worker process 31 exited with code 0
2026/04/19 15:58:07 [notice] 1#1: worker process 33 exited with code 0
2026/04/19 15:58:07 [notice] 1#1: exit
2026/04/19 15:58:25 [notice] 1#1: using the "epoll" event method
2026/04/19 15:58:25 [notice] 1#1: nginx/1.21.6
2026/04/19 15:58:25 [notice] 1#1: built by gcc 10.2.1 20210110 (Debian 10.2.1-6) 
2026/04/19 15:58:25 [notice] 1#1: OS: Linux 6.8.0-107-generic
2026/04/19 15:58:25 [notice] 1#1: getrlimit(RLIMIT_NOFILE): 1024:524288
2026/04/19 15:58:25 [notice] 1#1: start worker processes
2026/04/19 15:58:25 [notice] 1#1: start worker process 30
2026/04/19 15:58:25 [notice] 1#1: start worker process 31
2026/04/19 15:58:25 [notice] 1#1: start worker process 32
2026/04/19 15:58:25 [notice] 1#1: start worker process 33
2026/04/20 11:37:07 [notice] 1#1: signal 3 (SIGQUIT) received, shutting down
2026/04/20 11:37:07 [notice] 30#30: gracefully shutting down
2026/04/20 11:37:07 [notice] 31#31: gracefully shutting down
2026/04/20 11:37:07 [notice] 30#30: exiting
2026/04/20 11:37:07 [notice] 31#31: exiting
2026/04/20 11:37:07 [notice] 30#30: exit
2026/04/20 11:37:07 [notice] 33#33: gracefully shutting down
2026/04/20 11:37:07 [notice] 33#33: exiting
2026/04/20 11:37:07 [notice] 33#33: exit
2026/04/20 11:37:07 [notice] 31#31: exit
2026/04/20 11:37:07 [notice] 32#32: gracefully shutting down
2026/04/20 11:37:07 [notice] 32#32: exiting
2026/04/20 11:37:07 [notice] 32#32: exit
2026/04/20 11:37:07 [notice] 1#1: signal 17 (SIGCHLD) received from 32
2026/04/20 11:37:07 [notice] 1#1: worker process 32 exited with code 0
2026/04/20 11:37:07 [notice] 1#1: signal 29 (SIGIO) received
2026/04/20 11:37:07 [notice] 1#1: signal 17 (SIGCHLD) received from 30
2026/04/20 11:37:07 [notice] 1#1: worker process 30 exited with code 0
2026/04/20 11:37:07 [notice] 1#1: worker process 31 exited with code 0
2026/04/20 11:37:07 [notice] 1#1: signal 29 (SIGIO) received
2026/04/20 11:37:07 [notice] 1#1: signal 17 (SIGCHLD) received from 33
2026/04/20 11:37:07 [notice] 1#1: worker process 33 exited with code 0
2026/04/20 11:37:07 [notice] 1#1: exit
2026/04/20 11:37:48 [notice] 1#1: using the "epoll" event method
2026/04/20 11:37:48 [notice] 1#1: nginx/1.21.6
2026/04/20 11:37:48 [notice] 1#1: built by gcc 10.2.1 20210110 (Debian 10.2.1-6) 
2026/04/20 11:37:48 [notice] 1#1: OS: Linux 6.8.0-107-generic
2026/04/20 11:37:48 [notice] 1#1: getrlimit(RLIMIT_NOFILE): 1024:524288
2026/04/20 11:37:48 [notice] 1#1: start worker processes
2026/04/20 11:37:48 [notice] 1#1: start worker process 30
2026/04/20 11:37:48 [notice] 1#1: start worker process 31
2026/04/20 11:37:48 [notice] 1#1: start worker process 32
2026/04/20 11:37:48 [notice] 1#1: start worker process 33
2026/04/20 11:38:22 [notice] 1#1: signal 3 (SIGQUIT) received, shutting down
2026/04/20 11:38:22 [notice] 30#30: gracefully shutting down
2026/04/20 11:38:22 [notice] 30#30: exiting
2026/04/20 11:38:22 [notice] 30#30: exit
2026/04/20 11:38:22 [notice] 31#31: gracefully shutting down
2026/04/20 11:38:22 [notice] 31#31: exiting
2026/04/20 11:38:22 [notice] 31#31: exit
2026/04/20 11:38:22 [notice] 33#33: gracefully shutting down
2026/04/20 11:38:22 [notice] 33#33: exiting
2026/04/20 11:38:22 [notice] 33#33: exit
2026/04/20 11:38:22 [notice] 32#32: gracefully shutting down
2026/04/20 11:38:22 [notice] 32#32: exiting
2026/04/20 11:38:22 [notice] 32#32: exit
2026/04/20 11:38:22 [notice] 1#1: signal 17 (SIGCHLD) received from 31
2026/04/20 11:38:22 [notice] 1#1: worker process 31 exited with code 0
2026/04/20 11:38:22 [notice] 1#1: signal 29 (SIGIO) received
2026/04/20 11:38:22 [notice] 1#1: signal 17 (SIGCHLD) received from 33
2026/04/20 11:38:22 [notice] 1#1: worker process 32 exited with code 0
2026/04/20 11:38:22 [notice] 1#1: worker process 33 exited with code 0
2026/04/20 11:38:22 [notice] 1#1: signal 29 (SIGIO) received
2026/04/20 11:38:22 [notice] 1#1: signal 17 (SIGCHLD) received from 30
2026/04/20 11:38:22 [notice] 1#1: worker process 30 exited with code 0
2026/04/20 11:38:22 [notice] 1#1: exit
2026/04/20 11:39:08 [notice] 1#1: using the "epoll" event method
2026/04/20 11:39:08 [notice] 1#1: nginx/1.21.6
2026/04/20 11:39:08 [notice] 1#1: built by gcc 10.2.1 20210110 (Debian 10.2.1-6) 
2026/04/20 11:39:08 [notice] 1#1: OS: Linux 6.8.0-107-generic
2026/04/20 11:39:08 [notice] 1#1: getrlimit(RLIMIT_NOFILE): 1024:524288
2026/04/20 11:39:08 [notice] 1#1: start worker processes
2026/04/20 11:39:08 [notice] 1#1: start worker process 31
2026/04/20 11:39:08 [notice] 1#1: start worker process 32
2026/04/20 11:39:08 [notice] 1#1: start worker process 33
2026/04/20 11:39:08 [notice] 1#1: start worker process 34
2026/04/20 11:46:10 [notice] 1#1: signal 3 (SIGQUIT) received, shutting down
2026/04/20 11:46:10 [notice] 32#32: gracefully shutting down
2026/04/20 11:46:10 [notice] 32#32: exiting
2026/04/20 11:46:10 [notice] 32#32: exit
2026/04/20 11:46:10 [notice] 31#31: gracefully shutting down
2026/04/20 11:46:10 [notice] 33#33: gracefully shutting down
2026/04/20 11:46:10 [notice] 31#31: exiting
2026/04/20 11:46:10 [notice] 33#33: exiting
2026/04/20 11:46:10 [notice] 31#31: exit
2026/04/20 11:46:10 [notice] 33#33: exit
2026/04/20 11:46:10 [notice] 34#34: gracefully shutting down
2026/04/20 11:46:10 [notice] 34#34: exiting
2026/04/20 11:46:10 [notice] 34#34: exit
2026/04/20 11:46:10 [notice] 1#1: signal 17 (SIGCHLD) received from 31
2026/04/20 11:46:10 [notice] 1#1: worker process 31 exited with code 0
2026/04/20 11:46:10 [notice] 1#1: signal 29 (SIGIO) received
2026/04/20 11:46:10 [notice] 1#1: signal 17 (SIGCHLD) received from 32
2026/04/20 11:46:10 [notice] 1#1: worker process 32 exited with code 0
2026/04/20 11:46:10 [notice] 1#1: worker process 33 exited with code 0
2026/04/20 11:46:10 [notice] 1#1: signal 29 (SIGIO) received
2026/04/20 11:46:10 [notice] 1#1: signal 17 (SIGCHLD) received from 34
2026/04/20 11:46:10 [notice] 1#1: worker process 34 exited with code 0
2026/04/20 11:46:10 [notice] 1#1: exit
2026/04/20 11:48:13 [notice] 1#1: using the "epoll" event method
2026/04/20 11:48:13 [notice] 1#1: nginx/1.21.6
2026/04/20 11:48:13 [notice] 1#1: built by gcc 10.2.1 20210110 (Debian 10.2.1-6) 
2026/04/20 11:48:13 [notice] 1#1: OS: Linux 6.8.0-107-generic
2026/04/20 11:48:13 [notice] 1#1: getrlimit(RLIMIT_NOFILE): 1024:524288
2026/04/20 11:48:13 [notice] 1#1: start worker processes
2026/04/20 11:48:13 [notice] 1#1: start worker process 29
2026/04/20 11:48:13 [notice] 1#1: start worker process 30
2026/04/20 11:48:13 [notice] 1#1: start worker process 31
2026/04/20 11:48:13 [notice] 1#1: start worker process 32
2026/04/20 13:34:39 [notice] 1#1: signal 3 (SIGQUIT) received, shutting down
2026/04/20 13:34:39 [notice] 29#29: gracefully shutting down
2026/04/20 13:34:39 [notice] 29#29: exiting
2026/04/20 13:34:39 [notice] 29#29: exit
2026/04/20 13:34:39 [notice] 30#30: gracefully shutting down
2026/04/20 13:34:39 [notice] 30#30: exiting
2026/04/20 13:34:39 [notice] 30#30: exit
2026/04/20 13:34:39 [notice] 32#32: gracefully shutting down
2026/04/20 13:34:39 [notice] 32#32: exiting
2026/04/20 13:34:39 [notice] 32#32: exit
2026/04/20 13:34:39 [notice] 31#31: gracefully shutting down
2026/04/20 13:34:39 [notice] 31#31: exiting
2026/04/20 13:34:39 [notice] 31#31: exit
2026/04/20 13:34:39 [notice] 1#1: signal 17 (SIGCHLD) received from 32
2026/04/20 13:34:39 [notice] 1#1: worker process 29 exited with code 0
2026/04/20 13:34:39 [notice] 1#1: worker process 32 exited with code 0
2026/04/20 13:34:39 [notice] 1#1: signal 29 (SIGIO) received
2026/04/20 13:34:39 [notice] 1#1: signal 17 (SIGCHLD) received from 30
2026/04/20 13:34:39 [notice] 1#1: worker process 30 exited with code 0
2026/04/20 13:34:39 [notice] 1#1: worker process 31 exited with code 0
2026/04/20 13:34:39 [notice] 1#1: exit
2026/04/20 13:35:03 [notice] 1#1: using the "epoll" event method
2026/04/20 13:35:03 [notice] 1#1: nginx/1.21.6
2026/04/20 13:35:03 [notice] 1#1: built by gcc 10.2.1 20210110 (Debian 10.2.1-6) 
2026/04/20 13:35:03 [notice] 1#1: OS: Linux 6.8.0-107-generic
2026/04/20 13:35:03 [notice] 1#1: getrlimit(RLIMIT_NOFILE): 1024:524288
2026/04/20 13:35:03 [notice] 1#1: start worker processes
2026/04/20 13:35:03 [notice] 1#1: start worker process 30
2026/04/20 13:35:03 [notice] 1#1: start worker process 31
2026/04/20 13:35:03 [notice] 1#1: start worker process 32
2026/04/20 13:35:03 [notice] 1#1: start worker process 33
2026/04/21 13:59:29 [notice] 1#1: using the "epoll" event method
2026/04/21 13:59:29 [notice] 1#1: nginx/1.21.6
2026/04/21 13:59:29 [notice] 1#1: built by gcc 10.2.1 20210110 (Debian 10.2.1-6) 
2026/04/21 13:59:29 [notice] 1#1: OS: Linux 6.8.0-110-generic
2026/04/21 13:59:29 [notice] 1#1: getrlimit(RLIMIT_NOFILE): 1024:524288
2026/04/21 13:59:29 [notice] 1#1: start worker processes
2026/04/21 13:59:29 [notice] 1#1: start worker process 30
2026/04/21 13:59:29 [notice] 1#1: start worker process 31
2026/04/21 13:59:29 [notice] 1#1: start worker process 32
2026/04/21 13:59:29 [notice] 1#1: start worker process 33
2026/04/21 14:17:11 [notice] 1#1: signal 3 (SIGQUIT) received, shutting down
2026/04/21 14:17:11 [notice] 30#30: gracefully shutting down
2026/04/21 14:17:11 [notice] 30#30: exiting
2026/04/21 14:17:11 [notice] 30#30: exit
2026/04/21 14:17:11 [notice] 31#31: gracefully shutting down
2026/04/21 14:17:11 [notice] 31#31: exiting
2026/04/21 14:17:11 [notice] 31#31: exit
2026/04/21 14:17:11 [notice] 32#32: gracefully shutting down
2026/04/21 14:17:11 [notice] 32#32: exiting
2026/04/21 14:17:11 [notice] 33#33: gracefully shutting down
2026/04/21 14:17:11 [notice] 33#33: exiting
2026/04/21 14:17:11 [notice] 33#33: exit
2026/04/21 14:17:11 [notice] 32#32: exit
2026/04/21 14:17:11 [notice] 1#1: signal 17 (SIGCHLD) received from 31
2026/04/21 14:17:11 [notice] 1#1: worker process 30 exited with code 0
2026/04/21 14:17:11 [notice] 1#1: worker process 31 exited with code 0
2026/04/21 14:17:11 [notice] 1#1: worker process 32 exited with code 0
2026/04/21 14:17:11 [notice] 1#1: signal 29 (SIGIO) received
2026/04/21 14:17:11 [notice] 1#1: signal 17 (SIGCHLD) received from 33
2026/04/21 14:17:11 [notice] 1#1: worker process 33 exited with code 0
2026/04/21 14:17:11 [notice] 1#1: exit
2026/04/21 14:17:29 [notice] 1#1: using the "epoll" event method
2026/04/21 14:17:29 [notice] 1#1: nginx/1.21.6
2026/04/21 14:17:29 [notice] 1#1: built by gcc 10.2.1 20210110 (Debian 10.2.1-6) 
2026/04/21 14:17:29 [notice] 1#1: OS: Linux 6.8.0-110-generic
2026/04/21 14:17:29 [notice] 1#1: getrlimit(RLIMIT_NOFILE): 1024:524288
2026/04/21 14:17:29 [notice] 1#1: start worker processes
2026/04/21 14:17:29 [notice] 1#1: start worker process 29
2026/04/21 14:17:29 [notice] 1#1: start worker process 30
2026/04/21 14:17:29 [notice] 1#1: start worker process 31
2026/04/21 14:17:29 [notice] 1#1: start worker process 32
2026/04/25 03:14:01 [notice] 1#1: signal 3 (SIGQUIT) received, shutting down
2026/04/25 03:14:01 [notice] 29#29: gracefully shutting down
2026/04/25 03:14:01 [notice] 29#29: exiting
2026/04/25 03:14:01 [notice] 29#29: exit
2026/04/25 03:14:01 [notice] 32#32: gracefully shutting down
2026/04/25 03:14:01 [notice] 32#32: exiting
2026/04/25 03:14:01 [notice] 32#32: exit
2026/04/25 03:14:01 [notice] 31#31: gracefully shutting down
2026/04/25 03:14:01 [notice] 31#31: exiting
2026/04/25 03:14:01 [notice] 31#31: exit
2026/04/25 03:14:01 [notice] 30#30: gracefully shutting down
2026/04/25 03:14:01 [notice] 30#30: exiting
2026/04/25 03:14:01 [notice] 30#30: exit
2026/04/25 03:14:01 [notice] 1#1: signal 17 (SIGCHLD) received from 30
2026/04/25 03:14:01 [notice] 1#1: worker process 29 exited with code 0
2026/04/25 03:14:01 [notice] 1#1: worker process 30 exited with code 0
2026/04/25 03:14:01 [notice] 1#1: worker process 32 exited with code 0
2026/04/25 03:14:01 [notice] 1#1: signal 29 (SIGIO) received
2026/04/25 03:14:01 [notice] 1#1: signal 17 (SIGCHLD) received from 31
2026/04/25 03:14:01 [notice] 1#1: worker process 31 exited with code 0
2026/04/25 03:14:01 [notice] 1#1: exit
2026/04/25 07:16:16 [notice] 1#1: using the "epoll" event method
2026/04/25 07:16:16 [notice] 1#1: nginx/1.21.6
2026/04/25 07:16:16 [notice] 1#1: built by gcc 10.2.1 20210110 (Debian 10.2.1-6) 
2026/04/25 07:16:16 [notice] 1#1: OS: Linux 6.8.0-110-generic
2026/04/25 07:16:16 [notice] 1#1: getrlimit(RLIMIT_NOFILE): 1024:524288
2026/04/25 07:16:16 [notice] 1#1: start worker processes
2026/04/25 07:16:16 [notice] 1#1: start worker process 30
2026/04/25 07:16:16 [notice] 1#1: start worker process 31
2026/04/25 07:16:16 [notice] 1#1: start worker process 32
2026/04/25 07:16:16 [notice] 1#1: start worker process 33
2026/04/25 08:03:49 [notice] 1#1: signal 3 (SIGQUIT) received, shutting down
2026/04/25 08:03:49 [notice] 31#31: gracefully shutting down
2026/04/25 08:03:49 [notice] 31#31: exiting
2026/04/25 08:03:49 [notice] 31#31: exit
2026/04/25 08:03:49 [notice] 33#33: gracefully shutting down
2026/04/25 08:03:49 [notice] 33#33: exiting
2026/04/25 08:03:49 [notice] 33#33: exit
2026/04/25 08:03:49 [notice] 32#32: gracefully shutting down
2026/04/25 08:03:49 [notice] 32#32: exiting
2026/04/25 08:03:49 [notice] 32#32: exit
2026/04/25 08:03:49 [notice] 30#30: gracefully shutting down
2026/04/25 08:03:49 [notice] 30#30: exiting
2026/04/25 08:03:49 [notice] 30#30: exit
2026/04/25 08:03:49 [notice] 1#1: signal 17 (SIGCHLD) received from 31
2026/04/25 08:03:49 [notice] 1#1: worker process 31 exited with code 0
2026/04/25 08:03:49 [notice] 1#1: signal 29 (SIGIO) received
2026/04/25 08:03:49 [notice] 1#1: signal 17 (SIGCHLD) received from 33
2026/04/25 08:03:49 [notice] 1#1: worker process 30 exited with code 0
2026/04/25 08:03:49 [notice] 1#1: worker process 33 exited with code 0
2026/04/25 08:03:49 [notice] 1#1: signal 29 (SIGIO) received
2026/04/25 08:03:49 [notice] 1#1: signal 17 (SIGCHLD) received from 32
2026/04/25 08:03:49 [notice] 1#1: worker process 32 exited with code 0
2026/04/25 08:03:49 [notice] 1#1: exit
2026/04/25 08:04:41 [notice] 1#1: using the "epoll" event method
2026/04/25 08:04:41 [notice] 1#1: nginx/1.21.6
2026/04/25 08:04:41 [notice] 1#1: built by gcc 10.2.1 20210110 (Debian 10.2.1-6) 
2026/04/25 08:04:41 [notice] 1#1: OS: Linux 6.8.0-110-generic
2026/04/25 08:04:41 [notice] 1#1: getrlimit(RLIMIT_NOFILE): 1024:524288
2026/04/25 08:04:41 [notice] 1#1: start worker processes
2026/04/25 08:04:41 [notice] 1#1: start worker process 30
2026/04/25 08:04:41 [notice] 1#1: start worker process 31
2026/04/25 08:04:41 [notice] 1#1: start worker process 32
2026/04/25 08:04:41 [notice] 1#1: start worker process 33
